[  2%] Built target test_mini_json
[  4%] Built target ck_dump
[  5%] Building CUDA object CMakeFiles/helios-engine.dir/kernels/attention.cu.o
[  6%] Linking CXX static library libhelios-engine.a
[ 32%] Built target helios-engine
[ 33%] Linking CXX executable test_memory
[ 33%] Linking CXX executable test_tensor
[ 33%] Linking CXX executable test_command
[ 34%] Building CXX object CMakeFiles/test_engine.dir/tests/test_engine.cpp.o
[ 35%] Built target test_tensor
[ 36%] Built target test_memory
[ 36%] Built target test_command
[ 37%] Building CUDA object CMakeFiles/test_hq31k.dir/tests/test_hq31k.cu.o
[ 37%] Building CUDA object CMakeFiles/test_kernels.dir/tests/test_kernels.cu.o
[ 38%] Building CUDA object CMakeFiles/test_hq62_embedding.dir/tests/test_hq62_embedding.cu.o
[ 39%] Linking CXX executable test_engine
[ 39%] Built target test_engine
[ 40%] Building CUDA object CMakeFiles/test_hqs_wide.dir/tests/test_hqs_wide.cu.o
[ 41%] Linking CXX executable test_hq62_embedding
[ 41%] Built target test_hq62_embedding
[ 42%] Linking CXX executable test_hq31k
[ 42%] Building CUDA object CMakeFiles/test_hqs_symmetric.dir/tests/test_hqs_symmetric.cu.o
[ 42%] Built target test_hq31k
[ 43%] Building CXX object CMakeFiles/test_hnf_loader.dir/tests/test_hnf_loader.cpp.o
[ 44%] Linking CXX executable test_kernels
[ 44%] Built target test_kernels
[ 45%] Building CXX object CMakeFiles/test_gemma4_metadata.dir/tests/test_gemma4_metadata.cpp.o
[ 46%] Linking CXX executable test_hnf_loader
[ 47%] Linking CXX executable test_hqs_wide
[ 47%] Built target test_hnf_loader
[ 47%] Built target test_hqs_wide
[ 48%] Building CXX object CMakeFiles/test_gemma4_vision_metadata.dir/tests/test_gemma4_vision_metadata.cpp.o
[ 49%] Linking CXX executable test_gemma4_vision_preprocess
[ 50%] Built target test_gemma4_vision_preprocess
[ 51%] Building CUDA object CMakeFiles/test_gemma4_vision_runner.dir/tests/test_gemma4_vision_runner.cu.o
[ 52%] Linking CXX executable test_gemma4_metadata
[ 52%] Built target test_gemma4_metadata
[ 53%] Building CUDA object CMakeFiles/test_gemma4_multimodal.dir/tests/test_gemma4_multimodal.cu.o
[ 53%] Linking CXX executable test_gemma4_vision_metadata
[ 53%] Built target test_gemma4_vision_metadata
[ 54%] Building CUDA object CMakeFiles/test_gemma4_primitives.dir/tests/test_gemma4_primitives.cu.o
[ 55%] Linking CXX executable test_hqs_symmetric
[ 55%] Built target test_hqs_symmetric
[ 56%] Building CUDA object CMakeFiles/test_gemma4_ple.dir/tests/test_gemma4_ple.cu.o
[ 56%] Linking CXX executable test_gemma4_vision_runner
[ 56%] Built target test_gemma4_vision_runner
[ 57%] Building CUDA object CMakeFiles/test_gemma4_graph.dir/tests/test_gemma4_graph.cu.o
[ 57%] Linking CXX executable test_gemma4_primitives
[ 57%] Built target test_gemma4_primitives
[ 57%] Linking CXX executable test_gemma4_kv
[ 58%] Built target test_gemma4_kv
[ 59%] Building CXX object CMakeFiles/test_gemma4_tokenizer.dir/tests/test_gemma4_tokenizer.cpp.o
[ 59%] Linking CXX executable test_gemma4_multimodal
[ 59%] Built target test_gemma4_multimodal
[ 60%] Linking CXX executable test_chat_template
[ 60%] Built target test_chat_template
[ 61%] Linking CXX executable test_ck_policy
[ 62%] Built target test_ck_policy
[ 63%] Building CXX object CMakeFiles/inspect_hnf.dir/test_real_hnf.cpp.o
[ 64%] Linking CXX executable test_gemma4_tokenizer
[ 64%] Built target test_gemma4_tokenizer
[ 65%] Building CXX object CMakeFiles/helios_model_probe.dir/tools/helios_model_probe.cpp.o
[ 65%] Linking CXX executable helios_model_probe
[ 65%] Linking CXX executable inspect_hnf
[ 65%] Built target helios_model_probe
[ 65%] Built target inspect_hnf
[ 66%] Linking CXX executable test_attention_split
[ 67%] Linking CXX executable test_attention_split_model
[ 68%] Built target test_attention_split
[ 68%] Building CXX object CMakeFiles/test_graph_builder.dir/test_graph_builder.cpp.o
[ 68%] Built target test_attention_split_model
[ 69%] Building CXX object CMakeFiles/test_generate.dir/test_generate.cpp.o
[ 70%] Linking CXX executable test_gemma4_ple
[ 70%] Built target test_gemma4_ple
[ 70%] Building CXX object CMakeFiles/test_generate_kv.dir/test_generate_kv.cpp.o
[ 71%] Linking CXX executable test_graph_builder
[ 72%] Linking CXX executable test_generate
[ 72%] Built target test_graph_builder
[ 73%] Building CXX object CMakeFiles/test_tokenizer.dir/test_tokenizer.cpp.o
[ 73%] Built target test_generate
[ 74%] Building CXX object CMakeFiles/test_generate_full.dir/test_generate_full.cpp.o
[ 75%] Linking CXX executable test_tokenizer
[ 76%] Linking CXX executable test_generate_kv
[ 76%] Built target test_tokenizer
[ 76%] Building CUDA object CMakeFiles/test_gemma4_generate.dir/tests/test_gemma4_generate.cu.o
[ 76%] Built target test_generate_kv
[ 77%] Building CUDA object CMakeFiles/gemma4_dump_logits.dir/tools/gemma4_dump_logits.cu.o
[ 78%] Linking CXX executable test_generate_full
[ 78%] Built target test_generate_full
[ 79%] Building CUDA object CMakeFiles/gemma4_multimodal_dump.dir/tools/gemma4_multimodal_dump.cu.o
[ 80%] Linking CXX executable test_gemma4_graph
[ 80%] Built target test_gemma4_graph
[ 81%] Building CUDA object CMakeFiles/gemma4_calibrate.dir/tools/gemma4_calibrate.cu.o
[ 82%] Linking CXX executable gemma4_dump_logits
[ 83%] Linking CXX executable test_gemma4_generate
[ 83%] Built target gemma4_dump_logits
[ 84%] Building CXX object CMakeFiles/test_multimodal.dir/test_multimodal.cpp.o
[ 84%] Built target test_gemma4_generate
[ 85%] Building CXX object CMakeFiles/test_generate_modal.dir/test_generate_modal.cpp.o
[ 85%] Linking CXX executable gemma4_multimodal_dump
[ 85%] Built target gemma4_multimodal_dump
[ 86%] Building CXX object CMakeFiles/text_code_relay.dir/tools/text_code_relay.cpp.o
[ 86%] Linking CXX executable gemma4_calibrate
[ 86%] Built target gemma4_calibrate
[ 87%] Building CXX object CMakeFiles/test_smoke.dir/test_smoke.cpp.o
[ 87%] Linking CXX executable test_multimodal
[ 87%] Built target test_multimodal
[ 88%] Building CXX object CMakeFiles/test_chat.dir/test_chat.cpp.o
[ 89%] Linking CXX executable test_generate_modal
[ 89%] Built target test_generate_modal
[ 90%] Building CXX object CMakeFiles/helios_chat.dir/helios_chat.cpp.o
[ 91%] Linking CXX executable text_code_relay
[ 91%] Built target text_code_relay
[ 92%] Building CXX object CMakeFiles/helios_runtime.dir/tools/helios_runtime.cpp.o
[ 93%] Linking CXX executable test_smoke
[ 93%] Built target test_smoke
[ 94%] Linking CXX executable test_chat
[ 95%] Linking CXX executable helios_formatted
[ 95%] Built target test_chat
[ 96%] Built target helios_formatted
[ 97%] Building CXX object CMakeFiles/sesiones_test.dir/tools/sesiones_test.cpp.o
[ 97%] Linking CXX executable test_inference_session_gemma4
[ 98%] Built target test_inference_session_gemma4
[ 99%] Linking CXX executable sesiones_test
[ 99%] Built target sesiones_test
[100%] Linking CXX executable helios_runtime
[100%] Built target helios_runtime
[100%] Linking CXX executable helios_chat
[100%] Built target helios_chat
