  [VRAM] text.token_embedding.weight compartido con lm_head; no se puede mapear a RAM
{"type": "ready", "protocol": 2, "model": {"architecture": "gemma4", "max_seq_len": 16384, "multimodal": false, "vision_adapter": null}}
{"type": "session_opened", "session": "0"}
{"type": "turn_started", "request_id": "long"}
{"type": "prefill_progress", "request_id": "long", "processed_tokens": 512, "total_tokens": 6158, "ms": 275.621713}
{"type": "error", "request_id": "wrong", "code": "not_active", "message": "el turno objetivo no está activo", "model_state": {"cache_position_before": 0, "cache_position": 0, "max_seq_len": 0}}
{"type": "prefill_progress", "request_id": "long", "processed_tokens": 1024, "total_tokens": 6158, "ms": 613.74997}
{"type": "prefill", "request_id": "long", "tokens": 1024, "ms": 613.957922}
{"type": "result", "request_id": "cancel-long", "ok": true, "model_state": {"cache_position_before": 0, "cache_position": 0, "max_seq_len": 16384}}
{"type": "completed", "request_id": "long", "visible_text": "", "finish_reason": "cancelled", "usage": {"prefill_tokens": 1024, "prefill_reused": 0, "generated_tokens": 0, "thinking_tokens": 0}, "timings": {"prefill_ms": 613.957922, "queue_ms": 0.00038, "first_token_ms": -1.0, "decode_ms": 0.0, "tokens_per_second": 0.0}, "model_state": {"cache_position_before": 0, "cache_position": 0, "max_seq_len": 16384}}
CANCEL_ROUNDTRIP_MS 0.1631420018384233
{"type": "turn_started", "request_id": "first"}
{"type": "prefill_progress", "request_id": "first", "processed_tokens": 23, "total_tokens": 23, "ms": 126.817261}
{"type": "prefill", "request_id": "first", "tokens": 23, "ms": 126.988653}
{"type": "text_delta", "request_id": "first", "text": "<|channel>"}
{"type": "text_delta", "request_id": "first", "text": "thought"}
[engine] CUDA Graph capturado (1109 comandos) — decode en modo replay
{"type": "text_delta", "request_id": "first", "text": "\n"}
{"type": "text_delta", "request_id": "first", "text": "<channel|>"}
{"type": "text_delta", "request_id": "first", "text": "Una"}
{"type": "text_delta", "request_id": "first", "text": " base"}
{"type": "text_delta", "request_id": "first", "text": " de"}
{"type": "text_delta", "request_id": "first", "text": " datos"}
{"type": "text_delta", "request_id": "first", "text": " rel"}
{"type": "text_delta", "request_id": "first", "text": "acional"}
{"type": "text_delta", "request_id": "first", "text": " funciona"}
{"type": "text_delta", "request_id": "first", "text": " organiz"}
{"type": "text_delta", "request_id": "first", "text": "ando"}
{"type": "text_delta", "request_id": "first", "text": " la"}
{"type": "text_delta", "request_id": "first", "text": " información"}
{"type": "text_delta", "request_id": "first", "text": " en"}
{"type": "completed", "request_id": "first", "visible_text": "<|channel>thought\n<channel|>Una base de datos relacional funciona organizando la información en", "finish_reason": "max_tokens", "usage": {"prefill_tokens": 23, "prefill_reused": 0, "generated_tokens": 16, "thinking_tokens": 0}, "timings": {"prefill_ms": 126.988653, "queue_ms": 0.00049, "first_token_ms": 127.073944, "decode_ms": 378.766549, "tokens_per_second": 42.242379}, "model_state": {"cache_position_before": 0, "cache_position": 39, "max_seq_len": 16384}}
{"type": "turn_started", "request_id": "repeat"}
{"type": "prefill_progress", "request_id": "repeat", "processed_tokens": 1, "total_tokens": 1, "ms": 25.131688}
{"type": "prefill", "request_id": "repeat", "tokens": 1, "ms": 25.141419}
{"type": "text_delta", "request_id": "repeat", "text": "<|channel>"}
[engine] CUDA Graph capturado (1109 comandos) — decode en modo replay
{"type": "text_delta", "request_id": "repeat", "text": "thought"}
{"type": "text_delta", "request_id": "repeat", "text": "\n"}
{"type": "text_delta", "request_id": "repeat", "text": "<channel|>"}
{"type": "text_delta", "request_id": "repeat", "text": "Una"}
{"type": "text_delta", "request_id": "repeat", "text": " base"}
{"type": "text_delta", "request_id": "repeat", "text": " de"}
{"type": "text_delta", "request_id": "repeat", "text": " datos"}
{"type": "text_delta", "request_id": "repeat", "text": " rel"}
{"type": "text_delta", "request_id": "repeat", "text": "acional"}
{"type": "text_delta", "request_id": "repeat", "text": " funciona"}
{"type": "text_delta", "request_id": "repeat", "text": " organiz"}
{"type": "text_delta", "request_id": "repeat", "text": "ando"}
{"type": "text_delta", "request_id": "repeat", "text": " la"}
{"type": "text_delta", "request_id": "repeat", "text": " información"}
{"type": "text_delta", "request_id": "repeat", "text": " en"}
{"type": "completed", "request_id": "repeat", "visible_text": "<|channel>thought\n<channel|>Una base de datos relacional funciona organizando la información en", "finish_reason": "max_tokens", "usage": {"prefill_tokens": 1, "prefill_reused": 22, "generated_tokens": 16, "thinking_tokens": 0}, "timings": {"prefill_ms": 25.141419, "queue_ms": 0.00078, "first_token_ms": 26.719893, "decode_ms": 376.262847, "tokens_per_second": 42.523465}, "model_state": {"cache_position_before": 22, "cache_position": 39, "max_seq_len": 16384}}
{"type": "turn_started", "request_id": "invalid-stop"}
{"type": "error", "request_id": "invalid-stop", "code": "invalid_stop_token", "message": "token de parada inexistente", "model_state": {"cache_position_before": 39, "cache_position": 39, "max_seq_len": 16384}}
[runtime] fin
{"type": "result", "request_id": "end", "ok": true, "model_state": {"cache_position_before": 39, "cache_position": 39, "max_seq_len": 16384}}
PASS runtime: targeted cancel, chunk progress, streaming order, timings and prefix reuse
