PASS h=16 kvh=8 hd=256 window=1024 slots=1536 seq=7 past=0 peaked=0 bitwise=1 cpu_max=0.00024222002
BENCH hd=256 kvh=8 window=1024 seq=7 past=0 ref_ms=0.004096 opt_ms=0.003072 speedup=1.3333
PASS h=16 kvh=8 hd=256 window=1024 slots=1536 seq=512 past=0 peaked=0 bitwise=1 cpu_max=0.00016678982
BENCH hd=256 kvh=8 window=1024 seq=512 past=0 ref_ms=1.679661 opt_ms=0.841350 speedup=1.9964
PASS h=16 kvh=8 hd=256 window=1024 slots=1536 seq=33 past=0 peaked=1 bitwise=1 cpu_max=1.0252719e-06
PASS h=16 kvh=8 hd=256 window=1024 slots=1536 seq=7 past=1023 peaked=0 bitwise=1 cpu_max=5.3553734e-05
BENCH hd=256 kvh=8 window=1024 seq=7 past=1023 ref_ms=0.075981 opt_ms=0.043930 speedup=1.7296
PASS h=16 kvh=8 hd=256 window=1024 slots=1536 seq=512 past=1023 peaked=0 bitwise=1 cpu_max=2.7718354e-05
BENCH hd=256 kvh=8 window=1024 seq=512 past=1023 ref_ms=6.015693 opt_ms=3.475450 speedup=1.7309
PASS h=16 kvh=8 hd=256 window=1024 slots=1536 seq=33 past=1023 peaked=1 bitwise=1 cpu_max=0.00024270786
PASS h=16 kvh=8 hd=256 window=1024 slots=1536 seq=7 past=1535 peaked=0 bitwise=1 cpu_max=9.2873526e-05
BENCH hd=256 kvh=8 window=1024 seq=7 past=1535 ref_ms=0.076070 opt_ms=0.044051 speedup=1.7269
PASS h=16 kvh=8 hd=256 window=1024 slots=1536 seq=512 past=1535 peaked=0 bitwise=1 cpu_max=5.524847e-05
BENCH hd=256 kvh=8 window=1024 seq=512 past=1535 ref_ms=6.029107 opt_ms=3.491031 speedup=1.7270
PASS h=16 kvh=8 hd=256 window=1024 slots=1536 seq=33 past=1535 peaked=1 bitwise=1 cpu_max=0.00024717236
PASS h=16 kvh=8 hd=256 window=1024 slots=1536 seq=7 past=6144 peaked=0 bitwise=1 cpu_max=9.9593176e-05
BENCH hd=256 kvh=8 window=1024 seq=7 past=6144 ref_ms=0.076083 opt_ms=0.043722 speedup=1.7402
PASS h=16 kvh=8 hd=256 window=1024 slots=1536 seq=512 past=6144 peaked=0 bitwise=1 cpu_max=1.8342054e-05
BENCH hd=256 kvh=8 window=1024 seq=512 past=6144 ref_ms=6.008217 opt_ms=3.488774 speedup=1.7222
PASS h=16 kvh=8 hd=256 window=1024 slots=1536 seq=33 past=6144 peaked=1 bitwise=1 cpu_max=0.00024717236
PASS h=16 kvh=1 hd=512 window=0 slots=16384 seq=7 past=0 peaked=0 bitwise=1 cpu_max=0.00024346593
BENCH hd=512 kvh=1 window=0 seq=7 past=0 ref_ms=0.004301 opt_ms=0.004179 speedup=1.0291
PASS h=16 kvh=1 hd=512 window=0 slots=16384 seq=512 past=0 peaked=0 bitwise=1 cpu_max=9.3521216e-05
BENCH hd=512 kvh=1 window=0 seq=512 past=0 ref_ms=1.812378 opt_ms=1.802656 speedup=1.0054
PASS h=16 kvh=1 hd=512 window=0 slots=16384 seq=33 past=0 peaked=1 bitwise=1 cpu_max=2.1385116e-12
PASS h=16 kvh=1 hd=512 window=0 slots=16384 seq=7 past=1023 peaked=0 bitwise=1 cpu_max=0.00011902007
BENCH hd=512 kvh=1 window=0 seq=7 past=1023 ref_ms=0.092979 opt_ms=0.092774 speedup=1.0022
PASS h=16 kvh=1 hd=512 window=0 slots=16384 seq=512 past=1023 peaked=0 bitwise=1 cpu_max=5.7040755e-05
BENCH hd=512 kvh=1 window=0 seq=512 past=1023 ref_ms=9.224834 opt_ms=9.183027 speedup=1.0046
PASS h=16 kvh=1 hd=512 window=0 slots=16384 seq=33 past=1023 peaked=1 bitwise=1 cpu_max=0.00024331692
PASS h=16 kvh=1 hd=512 window=0 slots=16384 seq=7 past=1535 peaked=0 bitwise=1 cpu_max=0.00010573473
BENCH hd=512 kvh=1 window=0 seq=7 past=1535 ref_ms=0.137626 opt_ms=0.137440 speedup=1.0014
PASS h=16 kvh=1 hd=512 window=0 slots=16384 seq=512 past=1535 peaked=0 bitwise=1 cpu_max=5.2948077e-05
BENCH hd=512 kvh=1 window=0 seq=512 past=1535 ref_ms=13.258240 opt_ms=13.219738 speedup=1.0029
PASS h=16 kvh=1 hd=512 window=0 slots=16384 seq=33 past=1535 peaked=1 bitwise=1 cpu_max=3.0170758e-05
PASS h=16 kvh=1 hd=512 window=0 slots=16384 seq=7 past=6144 peaked=0 bitwise=1 cpu_max=4.5752015e-05
BENCH hd=512 kvh=1 window=0 seq=7 past=6144 ref_ms=0.605184 opt_ms=0.597094 speedup=1.0135
PASS h=16 kvh=1 hd=512 window=0 slots=16384 seq=512 past=6144 peaked=0 bitwise=1 cpu_max=2.577978e-05
BENCH hd=512 kvh=1 window=0 seq=512 past=6144 ref_ms=46.075188 opt_ms=46.027981 speedup=1.0010
PASS h=16 kvh=1 hd=512 window=0 slots=16384 seq=33 past=6144 peaked=1 bitwise=1 cpu_max=0.00024255477
PASS h=4 kvh=4 hd=64 window=0 slots=1024 seq=1 past=0 peaked=1 bitwise=1 cpu_max=0
PASS h=8 kvh=2 hd=128 window=512 slots=640 seq=128 past=639 peaked=1 bitwise=1 cpu_max=0.00024381376
PASS h=4 kvh=1 hd=96 window=64 slots=128 seq=65 past=64 peaked=0 bitwise=1 cpu_max=8.6392728e-05
PASS h=8 kvh=2 hd=256 window=512 slots=1024 seq=7 past=0 peaked=0 bitwise=1 cpu_max=0.00023878739
BENCH hd=256 kvh=2 window=512 seq=7 past=0 ref_ms=0.003149 opt_ms=0.002602 speedup=1.2103
PASS h=8 kvh=2 hd=256 window=512 slots=1024 seq=512 past=0 peaked=0 bitwise=1 cpu_max=0.00012068793
BENCH hd=256 kvh=2 window=512 seq=512 past=0 ref_ms=0.746874 opt_ms=0.363450 speedup=2.0550
PASS h=8 kvh=2 hd=256 window=512 slots=1024 seq=33 past=0 peaked=1 bitwise=1 cpu_max=0.00024394029
PASS h=8 kvh=2 hd=256 window=512 slots=1024 seq=7 past=511 peaked=0 bitwise=1 cpu_max=0.00010704209
BENCH hd=256 kvh=2 window=512 seq=7 past=511 ref_ms=0.021498 opt_ms=0.014758 speedup=1.4566
PASS h=8 kvh=2 hd=256 window=512 slots=1024 seq=512 past=511 peaked=0 bitwise=1 cpu_max=4.3136018e-05
BENCH hd=256 kvh=2 window=512 seq=512 past=511 ref_ms=1.517363 opt_ms=0.799744 speedup=1.8973
PASS h=8 kvh=2 hd=256 window=512 slots=1024 seq=33 past=511 peaked=1 bitwise=1 cpu_max=0.00024292464
PASS h=8 kvh=2 hd=256 window=512 slots=1024 seq=7 past=1023 peaked=0 bitwise=1 cpu_max=5.9530603e-05
BENCH hd=256 kvh=2 window=512 seq=7 past=1023 ref_ms=0.022000 opt_ms=0.015155 speedup=1.4516
PASS h=8 kvh=2 hd=256 window=512 slots=1024 seq=512 past=1023 peaked=0 bitwise=1 cpu_max=6.739051e-05
BENCH hd=256 kvh=2 window=512 seq=512 past=1023 ref_ms=1.544838 opt_ms=0.789984 speedup=1.9555
PASS h=8 kvh=2 hd=256 window=512 slots=1024 seq=33 past=1023 peaked=1 bitwise=1 cpu_max=0.00024375979
PASS h=8 kvh=2 hd=256 window=512 slots=1024 seq=7 past=6144 peaked=0 bitwise=1 cpu_max=6.0579534e-05
BENCH hd=256 kvh=2 window=512 seq=7 past=6144 ref_ms=0.022096 opt_ms=0.015130 speedup=1.4604
PASS h=8 kvh=2 hd=256 window=512 slots=1024 seq=512 past=6144 peaked=0 bitwise=1 cpu_max=5.981286e-05
BENCH hd=256 kvh=2 window=512 seq=512 past=6144 ref_ms=1.494016 opt_ms=0.771072 speedup=1.9376
PASS h=8 kvh=2 hd=256 window=512 slots=1024 seq=33 past=6144 peaked=1 bitwise=1 cpu_max=0.00024375979
PASS h=8 kvh=2 hd=512 window=0 slots=16384 seq=7 past=0 peaked=0 bitwise=1 cpu_max=0.00024397726
BENCH hd=512 kvh=2 window=0 seq=7 past=0 ref_ms=0.003283 opt_ms=0.003299 speedup=0.9952
PASS h=8 kvh=2 hd=512 window=0 slots=16384 seq=512 past=0 peaked=0 bitwise=1 cpu_max=0.00011537105
BENCH hd=512 kvh=2 window=0 seq=512 past=0 ref_ms=0.849926 opt_ms=0.867635 speedup=0.9796
PASS h=8 kvh=2 hd=512 window=0 slots=16384 seq=33 past=0 peaked=1 bitwise=1 cpu_max=3.7917612e-06
PASS h=8 kvh=2 hd=512 window=0 slots=16384 seq=7 past=511 peaked=0 bitwise=1 cpu_max=0.00011756106
BENCH hd=512 kvh=2 window=0 seq=7 past=511 ref_ms=0.027546 opt_ms=0.027821 speedup=0.9901
PASS h=8 kvh=2 hd=512 window=0 slots=16384 seq=512 past=511 peaked=0 bitwise=1 cpu_max=0.00011742267
BENCH hd=512 kvh=2 window=0 seq=512 past=511 ref_ms=2.773811 opt_ms=2.753536 speedup=1.0074
PASS h=8 kvh=2 hd=512 window=0 slots=16384 seq=33 past=511 peaked=1 bitwise=1 cpu_max=0.00024031268
PASS h=8 kvh=2 hd=512 window=0 slots=16384 seq=7 past=1023 peaked=0 bitwise=1 cpu_max=0.00011543967
BENCH hd=512 kvh=2 window=0 seq=7 past=1023 ref_ms=0.050688 opt_ms=0.050688 speedup=1.0000
PASS h=8 kvh=2 hd=512 window=0 slots=16384 seq=512 past=1023 peaked=0 bitwise=1 cpu_max=0.00010125018
BENCH hd=512 kvh=2 window=0 seq=512 past=1023 ref_ms=4.706100 opt_ms=4.645888 speedup=1.0130
PASS h=8 kvh=2 hd=512 window=0 slots=16384 seq=33 past=1023 peaked=1 bitwise=1 cpu_max=0.00024404893
PASS h=8 kvh=2 hd=512 window=0 slots=16384 seq=7 past=6144 peaked=0 bitwise=1 cpu_max=3.0309545e-05
BENCH hd=512 kvh=2 window=0 seq=7 past=6144 ref_ms=0.292147 opt_ms=0.280678 speedup=1.0409
PASS h=8 kvh=2 hd=512 window=0 slots=16384 seq=512 past=6144 peaked=0 bitwise=1 cpu_max=2.8346175e-05
BENCH hd=512 kvh=2 window=0 seq=512 past=6144 ref_ms=23.337883 opt_ms=23.409767 speedup=0.9969
PASS h=8 kvh=2 hd=512 window=0 slots=16384 seq=33 past=6144 peaked=1 bitwise=1 cpu_max=0.00024298182
PASS h=8 kvh=2 hd=256 window=512 slots=6656 seq=6144 past=1023 peaked=0 bitwise=1 cpu_max=5.5133623e-05
PASS h=8 kvh=2 hd=512 window=0 slots=16384 seq=6144 past=1023 peaked=0 bitwise=1 cpu_max=5.6595902e-05
PASS: 53 prefill cases; exact GPU parity, CPU FP64 reference, graph replay
