BENCH prefill=0 repeat=0 trial=1 prompt=41 output=128 prefill_ms=51.484 decode_ms=1261.168 tok_s=101.493 used_MiB=8445.3 captures=1 replays=126 fallbacks=0 hash=3346210124819552155 bytes=644
BENCH prefill=0 repeat=128 trial=1 prompt=2089 output=128 prefill_ms=658.521 decode_ms=1496.826 tok_s=85.514 used_MiB=8445.3 captures=1 replays=126 fallbacks=0 hash=12648419669653998755 bytes=668
BENCH prefill=0 repeat=384 trial=1 prompt=6185 output=128 prefill_ms=2498.556 decode_ms=1754.729 tok_s=72.946 used_MiB=8445.3 captures=1 replays=126 fallbacks=0 hash=6589255476552901116 bytes=655
BENCH prefill=1 repeat=0 trial=1 prompt=41 output=128 prefill_ms=51.364 decode_ms=1262.913 tok_s=101.353 used_MiB=8445.3 captures=1 replays=126 fallbacks=0 hash=3346210124819552155 bytes=644
BENCH prefill=1 repeat=128 trial=1 prompt=2089 output=128 prefill_ms=626.055 decode_ms=1496.498 tok_s=85.533 used_MiB=8445.3 captures=1 replays=126 fallbacks=0 hash=12648419669653998755 bytes=668
BENCH prefill=1 repeat=384 trial=1 prompt=6185 output=128 prefill_ms=2353.806 decode_ms=1755.154 tok_s=72.928 used_MiB=8445.3 captures=1 replays=126 fallbacks=0 hash=6589255476552901116 bytes=655
BENCH prefill=1 repeat=0 trial=1 prompt=41 output=128 prefill_ms=51.182 decode_ms=1261.688 tok_s=101.451 used_MiB=8445.3 captures=1 replays=126 fallbacks=0 hash=3346210124819552155 bytes=644
BENCH prefill=1 repeat=128 trial=1 prompt=2089 output=128 prefill_ms=626.409 decode_ms=1497.121 tok_s=85.497 used_MiB=8445.3 captures=1 replays=126 fallbacks=0 hash=12648419669653998755 bytes=668
BENCH prefill=1 repeat=384 trial=1 prompt=6185 output=128 prefill_ms=2358.136 decode_ms=1755.960 tok_s=72.895 used_MiB=8445.3 captures=1 replays=126 fallbacks=0 hash=6589255476552901116 bytes=655
BENCH prefill=0 repeat=0 trial=1 prompt=41 output=128 prefill_ms=51.820 decode_ms=1262.845 tok_s=101.358 used_MiB=8445.3 captures=1 replays=126 fallbacks=0 hash=3346210124819552155 bytes=644
BENCH prefill=0 repeat=128 trial=1 prompt=2089 output=128 prefill_ms=660.296 decode_ms=1498.575 tok_s=85.414 used_MiB=8445.3 captures=1 replays=126 fallbacks=0 hash=12648419669653998755 bytes=668
BENCH prefill=0 repeat=384 trial=1 prompt=6185 output=128 prefill_ms=2506.035 decode_ms=1757.640 tok_s=72.825 used_MiB=8445.3 captures=1 replays=126 fallbacks=0 hash=6589255476552901116 bytes=655
BENCH prefill=0 repeat=0 trial=1 prompt=41 output=128 prefill_ms=51.509 decode_ms=1262.662 tok_s=101.373 used_MiB=8445.3 captures=1 replays=126 fallbacks=0 hash=3346210124819552155 bytes=644
BENCH prefill=0 repeat=128 trial=1 prompt=2089 output=128 prefill_ms=660.273 decode_ms=1499.061 tok_s=85.387 used_MiB=8445.3 captures=1 replays=126 fallbacks=0 hash=12648419669653998755 bytes=668
BENCH prefill=0 repeat=384 trial=1 prompt=6185 output=128 prefill_ms=2508.721 decode_ms=1757.645 tok_s=72.825 used_MiB=8445.3 captures=1 replays=126 fallbacks=0 hash=6589255476552901116 bytes=655
BENCH prefill=1 repeat=0 trial=1 prompt=41 output=128 prefill_ms=51.198 decode_ms=1262.687 tok_s=101.371 used_MiB=8444.6 captures=1 replays=126 fallbacks=0 hash=3346210124819552155 bytes=644
BENCH prefill=1 repeat=128 trial=1 prompt=2089 output=128 prefill_ms=627.584 decode_ms=1497.861 tok_s=85.455 used_MiB=8444.6 captures=1 replays=126 fallbacks=0 hash=12648419669653998755 bytes=668
BENCH prefill=1 repeat=384 trial=1 prompt=6185 output=128 prefill_ms=2363.854 decode_ms=1755.297 tok_s=72.922 used_MiB=8444.6 captures=1 replays=126 fallbacks=0 hash=6589255476552901116 bytes=655
{
  "0": {
    "prompt": 41,
    "reference_ms": 51.509,
    "optimized_ms": 51.198,
    "reduction_pct": 0.6037779805470933,
    "paired_reduction_pct": [
      0.23308212260120253,
      1.2311848707062922,
      0.6037779805470933
    ],
    "identical_text": true,
    "decode_tok_s": [
      101.373,
      101.371
    ]
  },
  "128": {
    "prompt": 2089,
    "reference_ms": 660.273,
    "optimized_ms": 626.409,
    "reduction_pct": 5.1287876378407145,
    "paired_reduction_pct": [
      4.93013890217624,
      5.132092273768141,
      4.95083094417007
    ],
    "identical_text": true,
    "decode_tok_s": [
      85.414,
      85.497
    ]
  },
  "384": {
    "prompt": 6185,
    "reference_ms": 2506.035,
    "optimized_ms": 2358.136,
    "reduction_pct": 5.901713264180264,
    "paired_reduction_pct": [
      5.793346236786368,
      5.901713264180264,
      5.774536108240024
    ],
    "identical_text": true,
    "decode_tok_s": [
      72.825,
      72.922
    ]
  }
}
