PASS h=16 kvh=8 hd=256 window=1024 slots=1536 seq=7 past=0 peaked=0 bitwise=1 cpu_max=0.00024222002
BENCH hd=256 kvh=8 window=1024 seq=7 past=0 ref_ms=0.006349 opt_ms=0.004096 speedup=1.5500
PASS h=16 kvh=8 hd=256 window=1024 slots=1536 seq=512 past=0 peaked=0 bitwise=1 cpu_max=0.00016678982
BENCH hd=256 kvh=8 window=1024 seq=512 past=0 ref_ms=1.950310 opt_ms=1.539994 speedup=1.2664
PASS h=16 kvh=8 hd=256 window=1024 slots=1536 seq=33 past=0 peaked=1 bitwise=1 cpu_max=1.0252719e-06
PASS h=16 kvh=8 hd=256 window=1024 slots=1536 seq=7 past=1023 peaked=0 bitwise=1 cpu_max=5.3553734e-05
BENCH hd=256 kvh=8 window=1024 seq=7 past=1023 ref_ms=0.088986 opt_ms=0.079645 speedup=1.1173
PASS h=16 kvh=8 hd=256 window=1024 slots=1536 seq=512 past=1023 peaked=0 bitwise=1 cpu_max=2.7718354e-05
BENCH hd=256 kvh=8 window=1024 seq=512 past=1023 ref_ms=8.030915 opt_ms=5.690470 speedup=1.4113
PASS h=16 kvh=8 hd=256 window=1024 slots=1536 seq=33 past=1023 peaked=1 bitwise=1 cpu_max=0.00024270786
PASS h=16 kvh=8 hd=256 window=1024 slots=1536 seq=7 past=1535 peaked=0 bitwise=1 cpu_max=9.2873526e-05
BENCH hd=256 kvh=8 window=1024 seq=7 past=1535 ref_ms=0.084410 opt_ms=0.075706 speedup=1.1150
PASS h=16 kvh=8 hd=256 window=1024 slots=1536 seq=512 past=1535 peaked=0 bitwise=1 cpu_max=5.524847e-05
BENCH hd=256 kvh=8 window=1024 seq=512 past=1535 ref_ms=7.988736 opt_ms=5.679923 speedup=1.4065
PASS h=16 kvh=8 hd=256 window=1024 slots=1536 seq=33 past=1535 peaked=1 bitwise=1 cpu_max=0.00024717236
PASS h=16 kvh=8 hd=256 window=1024 slots=1536 seq=7 past=6144 peaked=0 bitwise=1 cpu_max=9.9593176e-05
BENCH hd=256 kvh=8 window=1024 seq=7 past=6144 ref_ms=0.084554 opt_ms=0.075754 speedup=1.1162
PASS h=16 kvh=8 hd=256 window=1024 slots=1536 seq=512 past=6144 peaked=0 bitwise=1 cpu_max=1.8342054e-05
BENCH hd=256 kvh=8 window=1024 seq=512 past=6144 ref_ms=8.014542 opt_ms=5.600131 speedup=1.4311
PASS h=16 kvh=8 hd=256 window=1024 slots=1536 seq=33 past=6144 peaked=1 bitwise=1 cpu_max=0.00024717236
PASS h=16 kvh=1 hd=512 window=0 slots=16384 seq=7 past=0 peaked=0 bitwise=1 cpu_max=0.00024346593
BENCH hd=512 kvh=1 window=0 seq=7 past=0 ref_ms=0.006310 opt_ms=0.003891 speedup=1.6217
PASS h=16 kvh=1 hd=512 window=0 slots=16384 seq=512 past=0 peaked=0 bitwise=1 cpu_max=9.3521216e-05
BENCH hd=512 kvh=1 window=0 seq=512 past=0 ref_ms=2.176717 opt_ms=1.736211 speedup=1.2537
PASS h=16 kvh=1 hd=512 window=0 slots=16384 seq=33 past=0 peaked=1 bitwise=1 cpu_max=2.1385116e-12
PASS h=16 kvh=1 hd=512 window=0 slots=16384 seq=7 past=1023 peaked=0 bitwise=1 cpu_max=0.00011902007
BENCH hd=512 kvh=1 window=0 seq=7 past=1023 ref_ms=0.107110 opt_ms=0.092160 speedup=1.1622
PASS h=16 kvh=1 hd=512 window=0 slots=16384 seq=512 past=1023 peaked=0 bitwise=1 cpu_max=5.7040755e-05
BENCH hd=512 kvh=1 window=0 seq=512 past=1023 ref_ms=9.883444 opt_ms=8.855859 speedup=1.1160
PASS h=16 kvh=1 hd=512 window=0 slots=16384 seq=33 past=1023 peaked=1 bitwise=1 cpu_max=0.00024331692
PASS h=16 kvh=1 hd=512 window=0 slots=16384 seq=7 past=1535 peaked=0 bitwise=1 cpu_max=0.00010573473
BENCH hd=512 kvh=1 window=0 seq=7 past=1535 ref_ms=0.159722 opt_ms=0.139571 speedup=1.1444
PASS h=16 kvh=1 hd=512 window=0 slots=16384 seq=512 past=1535 peaked=0 bitwise=1 cpu_max=5.2948077e-05
BENCH hd=512 kvh=1 window=0 seq=512 past=1535 ref_ms=13.604061 opt_ms=12.426957 speedup=1.0947
PASS h=16 kvh=1 hd=512 window=0 slots=16384 seq=33 past=1535 peaked=1 bitwise=1 cpu_max=3.0170758e-05
PASS h=16 kvh=1 hd=512 window=0 slots=16384 seq=7 past=6144 peaked=0 bitwise=1 cpu_max=4.5752015e-05
BENCH hd=512 kvh=1 window=0 seq=7 past=6144 ref_ms=0.673197 opt_ms=0.590029 speedup=1.1410
PASS h=16 kvh=1 hd=512 window=0 slots=16384 seq=512 past=6144 peaked=0 bitwise=1 cpu_max=2.577978e-05
BENCH hd=512 kvh=1 window=0 seq=512 past=6144 ref_ms=47.501720 opt_ms=44.669647 speedup=1.0634
PASS h=16 kvh=1 hd=512 window=0 slots=16384 seq=33 past=6144 peaked=1 bitwise=1 cpu_max=0.00024255477
PASS h=4 kvh=4 hd=64 window=0 slots=1024 seq=1 past=0 peaked=1 bitwise=1 cpu_max=0
PASS h=8 kvh=2 hd=128 window=512 slots=640 seq=128 past=639 peaked=1 bitwise=1 cpu_max=0.00024381376
PASS h=4 kvh=1 hd=96 window=64 slots=128 seq=65 past=64 peaked=0 bitwise=1 cpu_max=8.6392728e-05
PASS: 27 prefill cases; exact GPU parity, CPU FP64 reference, graph replay
